// Jest Snapshot v1, https://goo.gl/fbAQLP

exports[`Validating response templates Rendered correctly Produces valid JSON 1`] = `
"{}
"
`;
